2 -> 3
3 -> 0

2:
Before: InitializationStore#3(
  initialized fields = [])
~~~~~~~~~
<entry>

3:
Before: InitializationStore#3(
  initialized fields = [])
~~~~~~~~~
""   [ StringLiteral ]    > CFAV{@Initialized, String}
(this).sf = ""   [ Assignment ]    > CFAV{@Initialized, String}

0:
Before: InitializationStore#4(
  Issue5174Super<S>.sf > CFAV{@Initialized, String}
  initialized fields = [sf])
~~~~~~~~~
<exit>
7 -> 8
8 -> 5

7:
Before: InitializationStore#8(
  in > CFAV{, S}
  Issue5174Super<S>.sf > CFAV{@Initialized, Object}
  this.f > CFAV{, S}
  initialized fields = [f, sf])
~~~~~~~~~
<entry>

8:
Before: InitializationStore#8(
  in > CFAV{, S}
  Issue5174Super<S>.sf > CFAV{@Initialized, Object}
  this.f > CFAV{, S}
  initialized fields = [f, sf])
~~~~~~~~~
in   [ LocalVariable ]    > CFAV{, S}
return in   [ Return ]

5:
Before: InitializationStore#9(
  in > CFAV{, S}
  Issue5174Super<S>.sf > CFAV{@Initialized, Object}
  this.f > CFAV{, S}
  initialized fields = [f, sf])
~~~~~~~~~
<exit>
13 -> 14
14 -> 15
15 -> 16
15 -> 12
15 -> 12
16 -> 11

13:
Before: InitializationStore#13(
  f > CFAV{, S}
  Issue5174Super<S>.sf > CFAV{@Initialized, Object}
  initialized fields = [sf])
~~~~~~~~~
<entry>

14:
Before: InitializationStore#13(
  f > CFAV{, S}
  Issue5174Super<S>.sf > CFAV{@Initialized, Object}
  initialized fields = [sf])
~~~~~~~~~
(this)   [ ImplicitThis ]
(this).<init>   [ MethodAccess ]    > CFAV{@UnderInitialization, Issue5174Super}

15:
Before: InitializationStore#14(
  f > CFAV{, S}
  Issue5174Super<S>.sf > CFAV{@Initialized, Object}
  initialized fields = [sf])
~~~~~~~~~
(this).<init>()   [ MethodInvocation ]    > CFAV{@UnderInitialization, Object}

16:
Before: InitializationStore#15(
  f > CFAV{, S}
  Issue5174Super<S>.sf > CFAV{@Initialized, Object}
  this.<init>() > CFAV{@UnderInitialization, Object}
  initialized fields = [sf])
~~~~~~~~~
expression statement super()   [ ExpressionStatement ]
this   [ ExplicitThis ]    > CFAV{@UnderInitialization, Issue5174Super}
f   [ LocalVariable ]    > CFAV{, S}
this.f   [ FieldAccess ]
this.f = f   [ Assignment ]    > CFAV{, S}
expression statement this.f = f   [ ExpressionStatement ]

12:
Before: InitializationStore#16(
  f > CFAV{, S}
  Issue5174Super<S>.sf > CFAV{@Initialized, Object}
  initialized fields = [sf])
~~~~~~~~~
<exceptional-exit>

11:
Before: InitializationStore#19(
  f > CFAV{, S}
  Issue5174Super<S>.sf > CFAV{@Initialized, Object}
  this.f > CFAV{, S}
  initialized fields = [f, sf])
~~~~~~~~~
<exit>
2 -> 3
3 -> 0

2:
Before: NullnessNoInitStore#27(

  isPolyNullNonNull = false
  isPolyNullNull = false)
~~~~~~~~~
<entry>

3:
Before: NullnessNoInitStore#27(

  isPolyNullNonNull = false
  isPolyNullNull = false)
~~~~~~~~~
""   [ StringLiteral ]    > NV{@NonNull, String, poly nn/n=f/f}
(this).sf = ""   [ Assignment ]    > NV{@NonNull, String, poly nn/n=f/f}

0:
Before: NullnessNoInitStore#28(
  Issue5174Super<S>.sf > NV{@NonNull, String, poly nn/n=f/f}
  isPolyNullNonNull = false
  isPolyNullNull = false)
~~~~~~~~~
<exit>
7 -> 8
8 -> 5

7:
Before: NullnessNoInitStore#32(
  in > NV{, S, poly nn/n=f/f}
  Issue5174Super<S>.sf > NV{@NonNull, Object, poly nn/n=f/f}
  this.f > NV{, S, poly nn/n=f/f}
  isPolyNullNonNull = false
  isPolyNullNull = false)
~~~~~~~~~
<entry>

8:
Before: NullnessNoInitStore#32(
  in > NV{, S, poly nn/n=f/f}
  Issue5174Super<S>.sf > NV{@NonNull, Object, poly nn/n=f/f}
  this.f > NV{, S, poly nn/n=f/f}
  isPolyNullNonNull = false
  isPolyNullNull = false)
~~~~~~~~~
in   [ LocalVariable ]    > NV{, S, poly nn/n=f/f}
return in   [ Return ]    > NV{@NonNull, boolean, poly nn/n=f/f}

5:
Before: NullnessNoInitStore#33(
  in > NV{, S, poly nn/n=f/f}
  Issue5174Super<S>.sf > NV{@NonNull, Object, poly nn/n=f/f}
  this.f > NV{, S, poly nn/n=f/f}
  isPolyNullNonNull = false
  isPolyNullNull = false)
~~~~~~~~~
<exit>
13 -> 14
14 -> 15
15 -> 16
15 -> 12
15 -> 12
16 -> 11

13:
Before: NullnessNoInitStore#37(
  f > NV{, S, poly nn/n=f/f}
  Issue5174Super<S>.sf > NV{@NonNull, Object, poly nn/n=f/f}
  isPolyNullNonNull = false
  isPolyNullNull = false)
~~~~~~~~~
<entry>

14:
Before: NullnessNoInitStore#37(
  f > NV{, S, poly nn/n=f/f}
  Issue5174Super<S>.sf > NV{@NonNull, Object, poly nn/n=f/f}
  isPolyNullNonNull = false
  isPolyNullNull = false)
~~~~~~~~~
(this)   [ ImplicitThis ]
(this).<init>   [ MethodAccess ]    > NV{@NonNull, Issue5174Super, poly nn/n=f/f}

15:
Before: NullnessNoInitStore#38(
  f > NV{, S, poly nn/n=f/f}
  this > NV{@NonNull, Issue5174Super, poly nn/n=f/f}
  Issue5174Super<S>.sf > NV{@NonNull, Object, poly nn/n=f/f}
  isPolyNullNonNull = false
  isPolyNullNull = false)
~~~~~~~~~
(this).<init>()   [ MethodInvocation ]    > NV{@NonNull, Object, poly nn/n=f/f}

16:
Before: NullnessNoInitStore#39(
  f > NV{, S, poly nn/n=f/f}
  this > NV{@NonNull, Issue5174Super, poly nn/n=f/f}
  Issue5174Super<S>.sf > NV{@NonNull, Object, poly nn/n=f/f}
  this.<init>() > NV{@NonNull, Object, poly nn/n=f/f}
  isPolyNullNonNull = false
  isPolyNullNull = false)
~~~~~~~~~
expression statement super()   [ ExpressionStatement ]
this   [ ExplicitThis ]    > NV{@NonNull, Issue5174Super, poly nn/n=f/f}
f   [ LocalVariable ]    > NV{, S, poly nn/n=f/f}
this.f   [ FieldAccess ]
this.f = f   [ Assignment ]    > NV{, S, poly nn/n=f/f}
expression statement this.f = f   [ ExpressionStatement ]

12:
Before: NullnessNoInitStore#40(
  f > NV{, S, poly nn/n=f/f}
  this > NV{@NonNull, Issue5174Super, poly nn/n=f/f}
  Issue5174Super<S>.sf > NV{@NonNull, Object, poly nn/n=f/f}
  isPolyNullNonNull = false
  isPolyNullNull = false)
~~~~~~~~~
<exceptional-exit>

11:
Before: NullnessNoInitStore#43(
  f > NV{, S, poly nn/n=f/f}
  this > NV{@NonNull, Issue5174Super, poly nn/n=f/f}
  Issue5174Super<S>.sf > NV{@NonNull, Object, poly nn/n=f/f}
  this.f > NV{, S, poly nn/n=f/f}
  isPolyNullNonNull = false
  isPolyNullNull = false)
~~~~~~~~~
<exit>
20 -> 21
21 -> 22
22 -> 23
22 -> 19
22 -> 19
23 -> 18

20:
Before: InitializationStore#53(
  f > CFAV{, T}
  initialized fields = [])
~~~~~~~~~
<entry>

21:
Before: InitializationStore#53(
  f > CFAV{, T}
  initialized fields = [])
~~~~~~~~~
(this)   [ ImplicitThis ]
(this).<init>   [ MethodAccess ]    > CFAV{@UnderInitialization(Issue5174Sub.class), Issue5174Sub}
f   [ LocalVariable ]    > CFAV{, T}

22:
Before: InitializationStore#54(
  f > CFAV{, T}
  initialized fields = [])
~~~~~~~~~
(this).<init>(f)   [ MethodInvocation ]    > CFAV{@UnderInitialization, Issue5174Super}

23:
Before: InitializationStore#55(
  f > CFAV{, T}
  initialized fields = [f, sf])
~~~~~~~~~
expression statement super(f)   [ ExpressionStatement ]

19:
Before: InitializationStore#58(
  f > CFAV{, T}
  initialized fields = [])
~~~~~~~~~
<exceptional-exit>

18:
Before: InitializationStore#61(
  f > CFAV{, T}
  initialized fields = [f, sf])
~~~~~~~~~
<exit>
27 -> 28
28 -> 29
29 -> 30
29 -> 26
29 -> 26
30 -> 25

27:
Before: InitializationStore#68(
  in > CFAV{, T}
  initialized fields = [])
~~~~~~~~~
<entry>

28:
Before: InitializationStore#68(
  in > CFAV{, T}
  initialized fields = [])
~~~~~~~~~
o   [ VariableDeclaration ]
(this)   [ ImplicitThis ]
(this).methodInner   [ MethodAccess ]
in   [ LocalVariable ]    > CFAV{, T}

29:
Before: InitializationStore#69(
  in > CFAV{, T}
  initialized fields = [])
~~~~~~~~~
(this).methodInner(in)   [ MethodInvocation ]    > CFAV{, T}

30:
Before: InitializationStore#70(
  in > CFAV{, T}
  initialized fields = [])
~~~~~~~~~
o = (this).methodInner(in)   [ Assignment ]    > CFAV{, T}

26:
Before: InitializationStore#71(
  in > CFAV{, T}
  initialized fields = [])
~~~~~~~~~
<exceptional-exit>

25:
Before: InitializationStore#74(
  in > CFAV{, T}
  o > CFAV{, T}
  initialized fields = [])
~~~~~~~~~
<exit>
34 -> 35
35 -> 36
36 -> 37
36 -> 33
36 -> 33
37 -> 32

34:
Before: InitializationStore#81(
  in > CFAV{, T}
  initialized fields = [])
~~~~~~~~~
<entry>

35:
Before: InitializationStore#81(
  in > CFAV{, T}
  initialized fields = [])
~~~~~~~~~
o   [ VariableDeclaration ]
this   [ ExplicitThis ]    > CFAV{@Initialized, Issue5174Sub}
this.methodInner   [ MethodAccess ]
in   [ LocalVariable ]    > CFAV{, T}

36:
Before: InitializationStore#82(
  in > CFAV{, T}
  initialized fields = [])
~~~~~~~~~
this.methodInner(in)   [ MethodInvocation ]    > CFAV{, T}

37:
Before: InitializationStore#83(
  in > CFAV{, T}
  initialized fields = [])
~~~~~~~~~
o = this.methodInner(in)   [ Assignment ]    > CFAV{, T}

33:
Before: InitializationStore#84(
  in > CFAV{, T}
  initialized fields = [])
~~~~~~~~~
<exceptional-exit>

32:
Before: InitializationStore#87(
  in > CFAV{, T}
  o > CFAV{, T}
  initialized fields = [])
~~~~~~~~~
<exit>
41 -> 42
42 -> 39

41:
Before: InitializationStore#94(
  initialized fields = [])
~~~~~~~~~
<entry>

42:
Before: InitializationStore#94(
  initialized fields = [])
~~~~~~~~~
o   [ VariableDeclaration ]
(this)   [ ImplicitThis ]
(this).f   [ FieldAccess ]    > CFAV{, T}
o = (this).f   [ Assignment ]    > CFAV{, T}

39:
Before: InitializationStore#95(
  o > CFAV{, T}
  initialized fields = [])
~~~~~~~~~
<exit>
46 -> 47
47 -> 44

46:
Before: InitializationStore#99(
  initialized fields = [])
~~~~~~~~~
<entry>

47:
Before: InitializationStore#99(
  initialized fields = [])
~~~~~~~~~
o   [ VariableDeclaration ]
this   [ ExplicitThis ]    > CFAV{@Initialized, Issue5174Sub}
this.f   [ FieldAccess ]    > CFAV{, T}
o = this.f   [ Assignment ]    > CFAV{, T}

44:
Before: InitializationStore#100(
  o > CFAV{, T}
  initialized fields = [])
~~~~~~~~~
<exit>
51 -> 52
52 -> 53
53 -> 54
53 -> 50
53 -> 50
53 -> 50
53 -> 50
54 -> 55
55 -> 56
55 -> 50
55 -> 50
55 -> 50
55 -> 50
56 -> 57
57 -> 58
57 -> 50
57 -> 50
57 -> 50
57 -> 50
58 -> 49

51:
Before: InitializationStore#104(
  initialized fields = [])
~~~~~~~~~
<entry>

52:
Before: InitializationStore#104(
  initialized fields = [])
~~~~~~~~~
o   [ VariableDeclaration ]
o   [ LocalVariable ]

53:
Before: InitializationStore#105(
  initialized fields = [])
~~~~~~~~~
Issue5174Super   [ ClassName ]

54:
Before: InitializationStore#106(
  initialized fields = [])
~~~~~~~~~
Issue5174Super.sf   [ FieldAccess ]    > CFAV{@Initialized, Object}
o = Issue5174Super.sf   [ Assignment ]    > CFAV{@Initialized, Object}
expression statement o = sf   [ ExpressionStatement ]
o   [ LocalVariable ]

50:
Before: InitializationStore#107(
  initialized fields = [])
~~~~~~~~~
<exceptional-exit>

55:
Before: InitializationStore#114(
  o > CFAV{@Initialized, Object}
  initialized fields = [])
~~~~~~~~~
Issue5174Sub   [ ClassName ]    > CFAV{@Initialized, Issue5174Sub}

56:
Before: InitializationStore#115(
  o > CFAV{@Initialized, Object}
  initialized fields = [])
~~~~~~~~~
Issue5174Sub.sf   [ FieldAccess ]    > CFAV{@Initialized, Object}
o = Issue5174Sub.sf   [ Assignment ]    > CFAV{@Initialized, Object}
expression statement o = Issue5174Sub.sf   [ ExpressionStatement ]
o   [ LocalVariable ]

57:
Before: InitializationStore#124(
  o > CFAV{@Initialized, Object}
  initialized fields = [])
~~~~~~~~~
Issue5174Super   [ ClassName ]    > CFAV{@Initialized, Issue5174Super}

58:
Before: InitializationStore#125(
  o > CFAV{@Initialized, Object}
  initialized fields = [])
~~~~~~~~~
Issue5174Super.sf   [ FieldAccess ]    > CFAV{@Initialized, Object}
o = Issue5174Super.sf   [ Assignment ]    > CFAV{@Initialized, Object}
expression statement o = Issue5174Super.sf   [ ExpressionStatement ]

49:
Before: InitializationStore#134(
  o > CFAV{@Initialized, Object}
  initialized fields = [])
~~~~~~~~~
<exit>
62 -> 63
63 -> 64
64 -> 65
64 -> 61
64 -> 61
65 -> 60

62:
Before: InitializationStore#145(
  initialized fields = [])
~~~~~~~~~
<entry>

63:
Before: InitializationStore#145(
  initialized fields = [])
~~~~~~~~~
(this)   [ ImplicitThis ]
(this).<init>   [ MethodAccess ]    > CFAV{@UnderInitialization(Issue5174Sub.SubNested.class), SubNested}

64:
Before: InitializationStore#146(
  initialized fields = [])
~~~~~~~~~
(this).<init>()   [ MethodInvocation ]    > CFAV{@UnderInitialization, Object}

65:
Before: InitializationStore#147(
  this.<init>() > CFAV{@UnderInitialization, Object}
  initialized fields = [])
~~~~~~~~~
expression statement super()   [ ExpressionStatement ]

61:
Before: InitializationStore#148(
  initialized fields = [])
~~~~~~~~~
<exceptional-exit>

60:
Before: InitializationStore#151(
  this.<init>() > CFAV{@UnderInitialization, Object}
  initialized fields = [])
~~~~~~~~~
<exit>
69 -> 70
70 -> 71
71 -> 72
71 -> 68
71 -> 68
72 -> 67

69:
Before: InitializationStore#158(
  in > CFAV{, T}
  initialized fields = [])
~~~~~~~~~
<entry>

70:
Before: InitializationStore#158(
  in > CFAV{, T}
  initialized fields = [])
~~~~~~~~~
o   [ VariableDeclaration ]
(this)   [ ImplicitThis ]
(this).methodInner   [ MethodAccess ]
in   [ LocalVariable ]    > CFAV{, T}

71:
Before: InitializationStore#159(
  in > CFAV{, T}
  initialized fields = [])
~~~~~~~~~
(this).methodInner(in)   [ MethodInvocation ]    > CFAV{, T}

72:
Before: InitializationStore#160(
  in > CFAV{, T}
  initialized fields = [])
~~~~~~~~~
o = (this).methodInner(in)   [ Assignment ]    > CFAV{, T}

68:
Before: InitializationStore#161(
  in > CFAV{, T}
  initialized fields = [])
~~~~~~~~~
<exceptional-exit>

67:
Before: InitializationStore#164(
  in > CFAV{, T}
  o > CFAV{, T}
  initialized fields = [])
~~~~~~~~~
<exit>
76 -> 77
77 -> 78
78 -> 79
78 -> 75
78 -> 75
78 -> 75
78 -> 75
79 -> 80
80 -> 81
80 -> 75
81 -> 82
82 -> 83
82 -> 75
82 -> 75
83 -> 74

76:
Before: InitializationStore#171(
  in > CFAV{, T}
  initialized fields = [])
~~~~~~~~~
<entry>

77:
Before: InitializationStore#171(
  in > CFAV{, T}
  initialized fields = [])
~~~~~~~~~
o   [ VariableDeclaration ]

78:
Before: InitializationStore#172(
  in > CFAV{, T}
  initialized fields = [])
~~~~~~~~~
Issue5174Sub   [ ClassName ]    > CFAV{@Initialized, Issue5174Sub}

79:
Before: InitializationStore#173(
  in > CFAV{, T}
  initialized fields = [])
~~~~~~~~~
Issue5174Sub.this   [ ClassLiteral ]    > CFAV{@Initialized, Issue5174Sub}

75:
Before: InitializationStore#174(
  in > CFAV{, T}
  initialized fields = [])
~~~~~~~~~
<exceptional-exit>

80:
Before: InitializationStore#181(
  in > CFAV{, T}
  initialized fields = [])
~~~~~~~~~
Issue5174Sub.this.methodInner   [ MethodAccess ]

81:
Before: InitializationStore#182(
  in > CFAV{, T}
  initialized fields = [])
~~~~~~~~~
in   [ LocalVariable ]    > CFAV{, T}

82:
Before: InitializationStore#185(
  in > CFAV{, T}
  initialized fields = [])
~~~~~~~~~
Issue5174Sub.this.methodInner(in)   [ MethodInvocation ]    > CFAV{, T}

83:
Before: InitializationStore#186(
  in > CFAV{, T}
  initialized fields = [])
~~~~~~~~~
o = Issue5174Sub.this.methodInner(in)   [ Assignment ]    > CFAV{, T}

74:
Before: InitializationStore#191(
  in > CFAV{, T}
  o > CFAV{, T}
  initialized fields = [])
~~~~~~~~~
<exit>
87 -> 88
88 -> 85

87:
Before: InitializationStore#202(
  initialized fields = [])
~~~~~~~~~
<entry>

88:
Before: InitializationStore#202(
  initialized fields = [])
~~~~~~~~~
o   [ VariableDeclaration ]
(this)   [ ImplicitThis ]
(this).f   [ FieldAccess ]    > CFAV{, T}
o = (this).f   [ Assignment ]    > CFAV{, T}

85:
Before: InitializationStore#203(
  o > CFAV{, T}
  initialized fields = [])
~~~~~~~~~
<exit>
92 -> 93
93 -> 94
94 -> 95
94 -> 91
94 -> 91
94 -> 91
94 -> 91
95 -> 96
96 -> 97
96 -> 91
97 -> 90

92:
Before: InitializationStore#207(
  initialized fields = [])
~~~~~~~~~
<entry>

93:
Before: InitializationStore#207(
  initialized fields = [])
~~~~~~~~~
o   [ VariableDeclaration ]

94:
Before: InitializationStore#208(
  initialized fields = [])
~~~~~~~~~
Issue5174Sub   [ ClassName ]    > CFAV{@Initialized, Issue5174Sub}

95:
Before: InitializationStore#209(
  initialized fields = [])
~~~~~~~~~
Issue5174Sub.this   [ ClassLiteral ]    > CFAV{@Initialized, Issue5174Sub}

91:
Before: InitializationStore#210(
  initialized fields = [])
~~~~~~~~~
<exceptional-exit>

96:
Before: InitializationStore#217(
  initialized fields = [])
~~~~~~~~~
Issue5174Sub.this.f   [ FieldAccess ]    > CFAV{, T}

97:
Before: InitializationStore#218(
  initialized fields = [])
~~~~~~~~~
o = Issue5174Sub.this.f   [ Assignment ]    > CFAV{, T}

90:
Before: InitializationStore#221(
  o > CFAV{, T}
  initialized fields = [])
~~~~~~~~~
<exit>
101 -> 102
102 -> 103
103 -> 104
103 -> 100
103 -> 100
103 -> 100
103 -> 100
104 -> 105
105 -> 106
105 -> 100
105 -> 100
105 -> 100
105 -> 100
106 -> 107
107 -> 108
107 -> 100
107 -> 100
107 -> 100
107 -> 100
108 -> 99

101:
Before: InitializationStore#230(
  initialized fields = [])
~~~~~~~~~
<entry>

102:
Before: InitializationStore#230(
  initialized fields = [])
~~~~~~~~~
o   [ VariableDeclaration ]
o   [ LocalVariable ]

103:
Before: InitializationStore#231(
  initialized fields = [])
~~~~~~~~~
Issue5174Super   [ ClassName ]

104:
Before: InitializationStore#232(
  initialized fields = [])
~~~~~~~~~
Issue5174Super.sf   [ FieldAccess ]    > CFAV{@Initialized, Object}
o = Issue5174Super.sf   [ Assignment ]    > CFAV{@Initialized, Object}
expression statement o = sf   [ ExpressionStatement ]
o   [ LocalVariable ]

100:
Before: InitializationStore#233(
  initialized fields = [])
~~~~~~~~~
<exceptional-exit>

105:
Before: InitializationStore#240(
  o > CFAV{@Initialized, Object}
  initialized fields = [])
~~~~~~~~~
Issue5174Sub   [ ClassName ]    > CFAV{@Initialized, Issue5174Sub}

106:
Before: InitializationStore#241(
  o > CFAV{@Initialized, Object}
  initialized fields = [])
~~~~~~~~~
Issue5174Sub.sf   [ FieldAccess ]    > CFAV{@Initialized, Object}
o = Issue5174Sub.sf   [ Assignment ]    > CFAV{@Initialized, Object}
expression statement o = Issue5174Sub.sf   [ ExpressionStatement ]
o   [ LocalVariable ]

107:
Before: InitializationStore#250(
  o > CFAV{@Initialized, Object}
  initialized fields = [])
~~~~~~~~~
Issue5174Super   [ ClassName ]    > CFAV{@Initialized, Issue5174Super}

108:
Before: InitializationStore#251(
  o > CFAV{@Initialized, Object}
  initialized fields = [])
~~~~~~~~~
Issue5174Super.sf   [ FieldAccess ]    > CFAV{@Initialized, Object}
o = Issue5174Super.sf   [ Assignment ]    > CFAV{@Initialized, Object}
expression statement o = Issue5174Super.sf   [ ExpressionStatement ]

99:
Before: InitializationStore#260(
  o > CFAV{@Initialized, Object}
  initialized fields = [])
~~~~~~~~~
<exit>
20 -> 21
21 -> 22
22 -> 23
22 -> 19
22 -> 19
23 -> 18

20:
Before: NullnessNoInitStore#271(
  f > NV{, T, poly nn/n=f/f}
  isPolyNullNonNull = false
  isPolyNullNull = false)
~~~~~~~~~
<entry>

21:
Before: NullnessNoInitStore#271(
  f > NV{, T, poly nn/n=f/f}
  isPolyNullNonNull = false
  isPolyNullNull = false)
~~~~~~~~~
(this)   [ ImplicitThis ]
(this).<init>   [ MethodAccess ]    > NV{@NonNull, Issue5174Sub, poly nn/n=f/f}
f   [ LocalVariable ]    > NV{, T, poly nn/n=f/f}

22:
Before: NullnessNoInitStore#272(
  f > NV{, T, poly nn/n=f/f}
  this > NV{@NonNull, Issue5174Sub, poly nn/n=f/f}
  isPolyNullNonNull = false
  isPolyNullNull = false)
~~~~~~~~~
(this).<init>(f)   [ MethodInvocation ]    > NV{@NonNull, Issue5174Super, poly nn/n=f/f}

23:
Before: NullnessNoInitStore#273(
  f > NV{, T, poly nn/n=f/f}
  this > NV{@NonNull, Issue5174Sub, poly nn/n=f/f}
  isPolyNullNonNull = false
  isPolyNullNull = false)
~~~~~~~~~
expression statement super(f)   [ ExpressionStatement ]

19:
Before: NullnessNoInitStore#274(
  f > NV{, T, poly nn/n=f/f}
  this > NV{@NonNull, Issue5174Sub, poly nn/n=f/f}
  isPolyNullNonNull = false
  isPolyNullNull = false)
~~~~~~~~~
<exceptional-exit>

18:
Before: NullnessNoInitStore#277(
  f > NV{, T, poly nn/n=f/f}
  this > NV{@NonNull, Issue5174Sub, poly nn/n=f/f}
  isPolyNullNonNull = false
  isPolyNullNull = false)
~~~~~~~~~
<exit>
27 -> 28
28 -> 29
29 -> 30
29 -> 26
29 -> 26
30 -> 25

27:
Before: NullnessNoInitStore#284(
  in > NV{, T, poly nn/n=f/f}
  isPolyNullNonNull = false
  isPolyNullNull = false)
~~~~~~~~~
<entry>

28:
Before: NullnessNoInitStore#284(
  in > NV{, T, poly nn/n=f/f}
  isPolyNullNonNull = false
  isPolyNullNull = false)
~~~~~~~~~
o   [ VariableDeclaration ]
(this)   [ ImplicitThis ]
(this).methodInner   [ MethodAccess ]
in   [ LocalVariable ]    > NV{, T, poly nn/n=f/f}

29:
Before: NullnessNoInitStore#285(
  in > NV{, T, poly nn/n=f/f}
  this > NV{@NonNull, Issue5174Sub, poly nn/n=f/f}
  isPolyNullNonNull = false
  isPolyNullNull = false)
~~~~~~~~~
(this).methodInner(in)   [ MethodInvocation ]    > NV{, T, poly nn/n=f/f}

30:
Before: NullnessNoInitStore#286(
  in > NV{, T, poly nn/n=f/f}
  this > NV{@NonNull, Issue5174Sub, poly nn/n=f/f}
  isPolyNullNonNull = false
  isPolyNullNull = false)
~~~~~~~~~
o = (this).methodInner(in)   [ Assignment ]    > NV{, T, poly nn/n=f/f}

26:
Before: NullnessNoInitStore#287(
  in > NV{, T, poly nn/n=f/f}
  this > NV{@NonNull, Issue5174Sub, poly nn/n=f/f}
  isPolyNullNonNull = false
  isPolyNullNull = false)
~~~~~~~~~
<exceptional-exit>

25:
Before: NullnessNoInitStore#290(
  in > NV{, T, poly nn/n=f/f}
  o > NV{, T, poly nn/n=f/f}
  this > NV{@NonNull, Issue5174Sub, poly nn/n=f/f}
  isPolyNullNonNull = false
  isPolyNullNull = false)
~~~~~~~~~
<exit>
34 -> 35
35 -> 36
36 -> 37
36 -> 33
36 -> 33
37 -> 32

34:
Before: NullnessNoInitStore#297(
  in > NV{, T, poly nn/n=f/f}
  isPolyNullNonNull = false
  isPolyNullNull = false)
~~~~~~~~~
<entry>

35:
Before: NullnessNoInitStore#297(
  in > NV{, T, poly nn/n=f/f}
  isPolyNullNonNull = false
  isPolyNullNull = false)
~~~~~~~~~
o   [ VariableDeclaration ]
this   [ ExplicitThis ]    > NV{@NonNull, Issue5174Sub, poly nn/n=f/f}
this.methodInner   [ MethodAccess ]
in   [ LocalVariable ]    > NV{, T, poly nn/n=f/f}

36:
Before: NullnessNoInitStore#298(
  in > NV{, T, poly nn/n=f/f}
  this > NV{@NonNull, Issue5174Sub, poly nn/n=f/f}
  isPolyNullNonNull = false
  isPolyNullNull = false)
~~~~~~~~~
this.methodInner(in)   [ MethodInvocation ]    > NV{, T, poly nn/n=f/f}

37:
Before: NullnessNoInitStore#299(
  in > NV{, T, poly nn/n=f/f}
  this > NV{@NonNull, Issue5174Sub, poly nn/n=f/f}
  isPolyNullNonNull = false
  isPolyNullNull = false)
~~~~~~~~~
o = this.methodInner(in)   [ Assignment ]    > NV{, T, poly nn/n=f/f}

33:
Before: NullnessNoInitStore#300(
  in > NV{, T, poly nn/n=f/f}
  this > NV{@NonNull, Issue5174Sub, poly nn/n=f/f}
  isPolyNullNonNull = false
  isPolyNullNull = false)
~~~~~~~~~
<exceptional-exit>

32:
Before: NullnessNoInitStore#303(
  in > NV{, T, poly nn/n=f/f}
  o > NV{, T, poly nn/n=f/f}
  this > NV{@NonNull, Issue5174Sub, poly nn/n=f/f}
  isPolyNullNonNull = false
  isPolyNullNull = false)
~~~~~~~~~
<exit>
41 -> 42
42 -> 39

41:
Before: NullnessNoInitStore#310(

  isPolyNullNonNull = false
  isPolyNullNull = false)
~~~~~~~~~
<entry>

42:
Before: NullnessNoInitStore#310(

  isPolyNullNonNull = false
  isPolyNullNull = false)
~~~~~~~~~
o   [ VariableDeclaration ]
(this)   [ ImplicitThis ]
(this).f   [ FieldAccess ]    > NV{, T, poly nn/n=f/f}
o = (this).f   [ Assignment ]    > NV{, T, poly nn/n=f/f}

39:
Before: NullnessNoInitStore#311(
  o > NV{, T, poly nn/n=f/f}
  this > NV{@NonNull, Issue5174Sub, poly nn/n=f/f}
  isPolyNullNonNull = false
  isPolyNullNull = false)
~~~~~~~~~
<exit>
46 -> 47
47 -> 44

46:
Before: NullnessNoInitStore#315(

  isPolyNullNonNull = false
  isPolyNullNull = false)
~~~~~~~~~
<entry>

47:
Before: NullnessNoInitStore#315(

  isPolyNullNonNull = false
  isPolyNullNull = false)
~~~~~~~~~
o   [ VariableDeclaration ]
this   [ ExplicitThis ]    > NV{@NonNull, Issue5174Sub, poly nn/n=f/f}
this.f   [ FieldAccess ]    > NV{, T, poly nn/n=f/f}
o = this.f   [ Assignment ]    > NV{, T, poly nn/n=f/f}

44:
Before: NullnessNoInitStore#316(
  o > NV{, T, poly nn/n=f/f}
  this > NV{@NonNull, Issue5174Sub, poly nn/n=f/f}
  isPolyNullNonNull = false
  isPolyNullNull = false)
~~~~~~~~~
<exit>
51 -> 52
52 -> 53
53 -> 54
53 -> 50
53 -> 50
53 -> 50
53 -> 50
54 -> 55
55 -> 56
55 -> 50
55 -> 50
55 -> 50
55 -> 50
56 -> 57
57 -> 58
57 -> 50
57 -> 50
57 -> 50
57 -> 50
58 -> 49

51:
Before: NullnessNoInitStore#320(

  isPolyNullNonNull = false
  isPolyNullNull = false)
~~~~~~~~~
<entry>

52:
Before: NullnessNoInitStore#320(

  isPolyNullNonNull = false
  isPolyNullNull = false)
~~~~~~~~~
o   [ VariableDeclaration ]
o   [ LocalVariable ]

53:
Before: NullnessNoInitStore#321(

  isPolyNullNonNull = false
  isPolyNullNull = false)
~~~~~~~~~
Issue5174Super   [ ClassName ]

54:
Before: NullnessNoInitStore#322(

  isPolyNullNonNull = false
  isPolyNullNull = false)
~~~~~~~~~
Issue5174Super.sf   [ FieldAccess ]    > NV{@NonNull, Object, poly nn/n=f/f}
o = Issue5174Super.sf   [ Assignment ]    > NV{@NonNull, Object, poly nn/n=f/f}
expression statement o = sf   [ ExpressionStatement ]
o   [ LocalVariable ]

50:
Before: NullnessNoInitStore#323(

  isPolyNullNonNull = false
  isPolyNullNull = false)
~~~~~~~~~
<exceptional-exit>

55:
Before: NullnessNoInitStore#330(
  o > NV{@NonNull, Object, poly nn/n=f/f}
  isPolyNullNonNull = false
  isPolyNullNull = false)
~~~~~~~~~
Issue5174Sub   [ ClassName ]    > NV{@NonNull, Issue5174Sub, poly nn/n=f/f}

56:
Before: NullnessNoInitStore#331(
  o > NV{@NonNull, Object, poly nn/n=f/f}
  isPolyNullNonNull = false
  isPolyNullNull = false)
~~~~~~~~~
Issue5174Sub.sf   [ FieldAccess ]    > NV{@NonNull, Object, poly nn/n=f/f}
o = Issue5174Sub.sf   [ Assignment ]    > NV{@NonNull, Object, poly nn/n=f/f}
expression statement o = Issue5174Sub.sf   [ ExpressionStatement ]
o   [ LocalVariable ]

57:
Before: NullnessNoInitStore#340(
  o > NV{@NonNull, Object, poly nn/n=f/f}
  isPolyNullNonNull = false
  isPolyNullNull = false)
~~~~~~~~~
Issue5174Super   [ ClassName ]    > NV{@NonNull, Issue5174Super, poly nn/n=f/f}

58:
Before: NullnessNoInitStore#341(
  o > NV{@NonNull, Object, poly nn/n=f/f}
  isPolyNullNonNull = false
  isPolyNullNull = false)
~~~~~~~~~
Issue5174Super.sf   [ FieldAccess ]    > NV{@NonNull, Object, poly nn/n=f/f}
o = Issue5174Super.sf   [ Assignment ]    > NV{@NonNull, Object, poly nn/n=f/f}
expression statement o = Issue5174Super.sf   [ ExpressionStatement ]

49:
Before: NullnessNoInitStore#350(
  o > NV{@NonNull, Object, poly nn/n=f/f}
  isPolyNullNonNull = false
  isPolyNullNull = false)
~~~~~~~~~
<exit>
62 -> 63
63 -> 64
64 -> 65
64 -> 61
64 -> 61
65 -> 60

62:
Before: NullnessNoInitStore#361(

  isPolyNullNonNull = false
  isPolyNullNull = false)
~~~~~~~~~
<entry>

63:
Before: NullnessNoInitStore#361(

  isPolyNullNonNull = false
  isPolyNullNull = false)
~~~~~~~~~
(this)   [ ImplicitThis ]
(this).<init>   [ MethodAccess ]    > NV{@NonNull, SubNested, poly nn/n=f/f}

64:
Before: NullnessNoInitStore#362(
  this > NV{@NonNull, SubNested, poly nn/n=f/f}
  isPolyNullNonNull = false
  isPolyNullNull = false)
~~~~~~~~~
(this).<init>()   [ MethodInvocation ]    > NV{@NonNull, Object, poly nn/n=f/f}

65:
Before: NullnessNoInitStore#363(
  this > NV{@NonNull, SubNested, poly nn/n=f/f}
  this.<init>() > NV{@NonNull, Object, poly nn/n=f/f}
  isPolyNullNonNull = false
  isPolyNullNull = false)
~~~~~~~~~
expression statement super()   [ ExpressionStatement ]

61:
Before: NullnessNoInitStore#364(
  this > NV{@NonNull, SubNested, poly nn/n=f/f}
  isPolyNullNonNull = false
  isPolyNullNull = false)
~~~~~~~~~
<exceptional-exit>

60:
Before: NullnessNoInitStore#367(
  this > NV{@NonNull, SubNested, poly nn/n=f/f}
  this.<init>() > NV{@NonNull, Object, poly nn/n=f/f}
  isPolyNullNonNull = false
  isPolyNullNull = false)
~~~~~~~~~
<exit>
69 -> 70
70 -> 71
71 -> 72
71 -> 68
71 -> 68
72 -> 67

69:
Before: NullnessNoInitStore#374(
  in > NV{, T, poly nn/n=f/f}
  isPolyNullNonNull = false
  isPolyNullNull = false)
~~~~~~~~~
<entry>

70:
Before: NullnessNoInitStore#374(
  in > NV{, T, poly nn/n=f/f}
  isPolyNullNonNull = false
  isPolyNullNull = false)
~~~~~~~~~
o   [ VariableDeclaration ]
(this)   [ ImplicitThis ]
(this).methodInner   [ MethodAccess ]
in   [ LocalVariable ]    > NV{, T, poly nn/n=f/f}

71:
Before: NullnessNoInitStore#375(
  in > NV{, T, poly nn/n=f/f}
  this > NV{@NonNull, Issue5174Sub, poly nn/n=f/f}
  isPolyNullNonNull = false
  isPolyNullNull = false)
~~~~~~~~~
(this).methodInner(in)   [ MethodInvocation ]    > NV{, T, poly nn/n=f/f}

72:
Before: NullnessNoInitStore#376(
  in > NV{, T, poly nn/n=f/f}
  this > NV{@NonNull, Issue5174Sub, poly nn/n=f/f}
  isPolyNullNonNull = false
  isPolyNullNull = false)
~~~~~~~~~
o = (this).methodInner(in)   [ Assignment ]    > NV{, T, poly nn/n=f/f}

68:
Before: NullnessNoInitStore#377(
  in > NV{, T, poly nn/n=f/f}
  this > NV{@NonNull, Issue5174Sub, poly nn/n=f/f}
  isPolyNullNonNull = false
  isPolyNullNull = false)
~~~~~~~~~
<exceptional-exit>

67:
Before: NullnessNoInitStore#380(
  in > NV{, T, poly nn/n=f/f}
  o > NV{, T, poly nn/n=f/f}
  this > NV{@NonNull, Issue5174Sub, poly nn/n=f/f}
  isPolyNullNonNull = false
  isPolyNullNull = false)
~~~~~~~~~
<exit>
76 -> 77
77 -> 78
78 -> 79
78 -> 75
78 -> 75
78 -> 75
78 -> 75
79 -> 80
80 -> 81
80 -> 75
81 -> 82
82 -> 83
82 -> 75
82 -> 75
83 -> 74

76:
Before: NullnessNoInitStore#387(
  in > NV{, T, poly nn/n=f/f}
  isPolyNullNonNull = false
  isPolyNullNull = false)
~~~~~~~~~
<entry>

77:
Before: NullnessNoInitStore#387(
  in > NV{, T, poly nn/n=f/f}
  isPolyNullNonNull = false
  isPolyNullNull = false)
~~~~~~~~~
o   [ VariableDeclaration ]

78:
Before: NullnessNoInitStore#388(
  in > NV{, T, poly nn/n=f/f}
  isPolyNullNonNull = false
  isPolyNullNull = false)
~~~~~~~~~
Issue5174Sub   [ ClassName ]    > NV{@NonNull, Issue5174Sub, poly nn/n=f/f}

79:
Before: NullnessNoInitStore#389(
  in > NV{, T, poly nn/n=f/f}
  isPolyNullNonNull = false
  isPolyNullNull = false)
~~~~~~~~~
Issue5174Sub.this   [ ClassLiteral ]    > NV{@NonNull, Issue5174Sub, poly nn/n=f/f}

75:
Before: NullnessNoInitStore#390(
  in > NV{, T, poly nn/n=f/f}
  isPolyNullNonNull = false
  isPolyNullNull = false)
~~~~~~~~~
<exceptional-exit>

80:
Before: NullnessNoInitStore#397(
  in > NV{, T, poly nn/n=f/f}
  isPolyNullNonNull = false
  isPolyNullNull = false)
~~~~~~~~~
Issue5174Sub.this.methodInner   [ MethodAccess ]

81:
Before: NullnessNoInitStore#398(
  in > NV{, T, poly nn/n=f/f}
  isPolyNullNonNull = false
  isPolyNullNull = false)
~~~~~~~~~
in   [ LocalVariable ]    > NV{, T, poly nn/n=f/f}

82:
Before: NullnessNoInitStore#401(
  in > NV{, T, poly nn/n=f/f}
  isPolyNullNonNull = false
  isPolyNullNull = false)
~~~~~~~~~
Issue5174Sub.this.methodInner(in)   [ MethodInvocation ]    > NV{, T, poly nn/n=f/f}

83:
Before: NullnessNoInitStore#402(
  in > NV{, T, poly nn/n=f/f}
  isPolyNullNonNull = false
  isPolyNullNull = false)
~~~~~~~~~
o = Issue5174Sub.this.methodInner(in)   [ Assignment ]    > NV{, T, poly nn/n=f/f}

74:
Before: NullnessNoInitStore#407(
  in > NV{, T, poly nn/n=f/f}
  o > NV{, T, poly nn/n=f/f}
  isPolyNullNonNull = false
  isPolyNullNull = false)
~~~~~~~~~
<exit>
87 -> 88
88 -> 85

87:
Before: NullnessNoInitStore#418(

  isPolyNullNonNull = false
  isPolyNullNull = false)
~~~~~~~~~
<entry>

88:
Before: NullnessNoInitStore#418(

  isPolyNullNonNull = false
  isPolyNullNull = false)
~~~~~~~~~
o   [ VariableDeclaration ]
(this)   [ ImplicitThis ]
(this).f   [ FieldAccess ]    > NV{, T, poly nn/n=f/f}
o = (this).f   [ Assignment ]    > NV{, T, poly nn/n=f/f}

85:
Before: NullnessNoInitStore#419(
  o > NV{, T, poly nn/n=f/f}
  this > NV{@NonNull, Issue5174Sub, poly nn/n=f/f}
  isPolyNullNonNull = false
  isPolyNullNull = false)
~~~~~~~~~
<exit>
92 -> 93
93 -> 94
94 -> 95
94 -> 91
94 -> 91
94 -> 91
94 -> 91
95 -> 96
96 -> 97
96 -> 91
97 -> 90

92:
Before: NullnessNoInitStore#423(

  isPolyNullNonNull = false
  isPolyNullNull = false)
~~~~~~~~~
<entry>

93:
Before: NullnessNoInitStore#423(

  isPolyNullNonNull = false
  isPolyNullNull = false)
~~~~~~~~~
o   [ VariableDeclaration ]

94:
Before: NullnessNoInitStore#424(

  isPolyNullNonNull = false
  isPolyNullNull = false)
~~~~~~~~~
Issue5174Sub   [ ClassName ]    > NV{@NonNull, Issue5174Sub, poly nn/n=f/f}

95:
Before: NullnessNoInitStore#425(

  isPolyNullNonNull = false
  isPolyNullNull = false)
~~~~~~~~~
Issue5174Sub.this   [ ClassLiteral ]    > NV{@NonNull, Issue5174Sub, poly nn/n=f/f}

91:
Before: NullnessNoInitStore#426(

  isPolyNullNonNull = false
  isPolyNullNull = false)
~~~~~~~~~
<exceptional-exit>

96:
Before: NullnessNoInitStore#433(

  isPolyNullNonNull = false
  isPolyNullNull = false)
~~~~~~~~~
Issue5174Sub.this.f   [ FieldAccess ]    > NV{, T, poly nn/n=f/f}

97:
Before: NullnessNoInitStore#434(

  isPolyNullNonNull = false
  isPolyNullNull = false)
~~~~~~~~~
o = Issue5174Sub.this.f   [ Assignment ]    > NV{, T, poly nn/n=f/f}

90:
Before: NullnessNoInitStore#437(
  o > NV{, T, poly nn/n=f/f}
  isPolyNullNonNull = false
  isPolyNullNull = false)
~~~~~~~~~
<exit>
101 -> 102
102 -> 103
103 -> 104
103 -> 100
103 -> 100
103 -> 100
103 -> 100
104 -> 105
105 -> 106
105 -> 100
105 -> 100
105 -> 100
105 -> 100
106 -> 107
107 -> 108
107 -> 100
107 -> 100
107 -> 100
107 -> 100
108 -> 99

101:
Before: NullnessNoInitStore#446(

  isPolyNullNonNull = false
  isPolyNullNull = false)
~~~~~~~~~
<entry>

102:
Before: NullnessNoInitStore#446(

  isPolyNullNonNull = false
  isPolyNullNull = false)
~~~~~~~~~
o   [ VariableDeclaration ]
o   [ LocalVariable ]

103:
Before: NullnessNoInitStore#447(

  isPolyNullNonNull = false
  isPolyNullNull = false)
~~~~~~~~~
Issue5174Super   [ ClassName ]

104:
Before: NullnessNoInitStore#448(

  isPolyNullNonNull = false
  isPolyNullNull = false)
~~~~~~~~~
Issue5174Super.sf   [ FieldAccess ]    > NV{@NonNull, Object, poly nn/n=f/f}
o = Issue5174Super.sf   [ Assignment ]    > NV{@NonNull, Object, poly nn/n=f/f}
expression statement o = sf   [ ExpressionStatement ]
o   [ LocalVariable ]

100:
Before: NullnessNoInitStore#449(

  isPolyNullNonNull = false
  isPolyNullNull = false)
~~~~~~~~~
<exceptional-exit>

105:
Before: NullnessNoInitStore#456(
  o > NV{@NonNull, Object, poly nn/n=f/f}
  isPolyNullNonNull = false
  isPolyNullNull = false)
~~~~~~~~~
Issue5174Sub   [ ClassName ]    > NV{@NonNull, Issue5174Sub, poly nn/n=f/f}

106:
Before: NullnessNoInitStore#457(
  o > NV{@NonNull, Object, poly nn/n=f/f}
  isPolyNullNonNull = false
  isPolyNullNull = false)
~~~~~~~~~
Issue5174Sub.sf   [ FieldAccess ]    > NV{@NonNull, Object, poly nn/n=f/f}
o = Issue5174Sub.sf   [ Assignment ]    > NV{@NonNull, Object, poly nn/n=f/f}
expression statement o = Issue5174Sub.sf   [ ExpressionStatement ]
o   [ LocalVariable ]

107:
Before: NullnessNoInitStore#466(
  o > NV{@NonNull, Object, poly nn/n=f/f}
  isPolyNullNonNull = false
  isPolyNullNull = false)
~~~~~~~~~
Issue5174Super   [ ClassName ]    > NV{@NonNull, Issue5174Super, poly nn/n=f/f}

108:
Before: NullnessNoInitStore#467(
  o > NV{@NonNull, Object, poly nn/n=f/f}
  isPolyNullNonNull = false
  isPolyNullNull = false)
~~~~~~~~~
Issue5174Super.sf   [ FieldAccess ]    > NV{@NonNull, Object, poly nn/n=f/f}
o = Issue5174Super.sf   [ Assignment ]    > NV{@NonNull, Object, poly nn/n=f/f}
expression statement o = Issue5174Super.sf   [ ExpressionStatement ]

99:
Before: NullnessNoInitStore#476(
  o > NV{@NonNull, Object, poly nn/n=f/f}
  isPolyNullNonNull = false
  isPolyNullNull = false)
~~~~~~~~~
<exit>
